// Jest Snapshot v1, https://goo.gl/fbAQLP

exports[`<Empty /> should render correctly 1`] = `
.c3 {
  background: linear-gradient(180deg,#ff5f5f 0%,#f062c0 50%);
  display: -webkit-inline-box;
  display: -webkit-inline-flex;
  display: -ms-inline-flexbox;
  display: inline-flex;
  -webkit-align-items: center;
  -webkit-box-align: center;
  -ms-flex-align: center;
  align-items: center;
  -webkit-box-pack: center;
  -webkit-justify-content: center;
  -ms-flex-pack: center;
  justify-content: center;
  padding: 0.8rem;
  border: 0;
  border-radius: 0.4rem;
  color: #FAFAFA;
  cursor: pointer;
  -webkit-text-decoration: none;
  text-decoration: none;
  height: 4rem;
  font-size: 1.4rem;
  padding: 0.8rem 3.2rem;
}

.c3:focus {
  outline: 1px dashed;
}

.c3:hover {
  background: linear-gradient(180deg,#e35565 0%,#d958a6 50%);
}

.c0 {
  display: -webkit-box;
  display: -webkit-flex;
  display: -ms-flexbox;
  display: flex;
  -webkit-flex-direction: column;
  -ms-flex-direction: column;
  flex-direction: column;
  -webkit-align-items: center;
  -webkit-box-align: center;
  -ms-flex-align: center;
  align-items: center;
  -webkit-box-pack: center;
  -webkit-justify-content: center;
  -ms-flex-pack: center;
  justify-content: center;
  text-align: center;
}

.c0 img {
  object-fit: cover;
}

.c1 {
  color: #F231A5;
  font-size: 2.8rem;
}

.c2 {
  color: #FAFAFA;
  font-size: 1.8rem;
  font-weight: 300;
  margin-bottom: 3.2rem;
}

<body>
  <div>
    <main
      class="c0"
    >
      <img
        alt="A gamer in a couch playing videogame"
        height="285"
        src="/img/empty.svg"
        width="380"
      />
      <h2
        class="c1"
      >
        A simple title
      </h2>
      <p
        class="c2"
      >
        A simple description
      </p>
      <a
        class="c3"
        href="/"
      >
        <span>
          Go Back to store
        </span>
      </a>
    </main>
  </div>
</body>
`
